---
source: src/dtos/settlement.rs
expression: settlement
snapshot_kind: text
---
Settlement {
    listing: Listing {
        owner: "0x3897326cEda92B3da2c27a224D6fDCFefCaCf57A",
        chain_id: 11155111,
        min_price_cents: 150000,
        nft_contract: "0xf44b599a0aB6b8cb14E992994BEC0dc59dF883B2",
        token_id: 1,
        nonce: 0,
        signature: Signature {
            v: 28,
            r: "0x5ef4620f4b296763ff15209456d75e868f149a8d1c6821f1ff11fab70bca0ee0",
            s: "0x337ddcb26ea919a2bf5ad6e1d49bd6951a27d1d2e940a5543a70eabc5dbe237e",
        },
    },
    bid: Bid {
        bidder: "0xE98D94496aB9084f597a69978b593EBf83147335",
        listing: Listing {
            owner: "0x3897326cEda92B3da2c27a224D6fDCFefCaCf57A",
            chain_id: 11155111,
            min_price_cents: 150000,
            nft_contract: "0xf44b599a0aB6b8cb14E992994BEC0dc59dF883B2",
            token_id: 1,
            nonce: 0,
            signature: Signature {
                v: 28,
                r: "0x5ef4620f4b296763ff15209456d75e868f149a8d1c6821f1ff11fab70bca0ee0",
                s: "0x337ddcb26ea919a2bf5ad6e1d49bd6951a27d1d2e940a5543a70eabc5dbe237e",
            },
        },
        token_address: "0xc29f6F8D639eF187DcFEfeFBaD989cF2C941a23A",
        valid_until: 1735504160,
        value: 250,
        signature: Signature {
            v: 28,
            r: "0x1469ac6f9636c24d2d8c3fb2cbef73708876e15f23f23b1d33863939c905a21c",
            s: "0x7d9a7ea039465c928311bcb737b23153232028038beadba2a667aa720f17602b",
        },
    },
    signature: Signature {
        v: 27,
        r: "0xc21f88f00f01849ecbe4bcb75bd8f6cc2ac1f3507498e385b78df7db5f5ae334",
        s: "0x6adc46861e9888247b6b4f55cd7eb73449d835c94a0c3fd5e2df1b8cb6f77c4c",
    },
}
